# 索引
索引是一种特殊的数据结构,能够加速查询操作,定义在使用时经常作为查询条件的字段上,在 MySQL 上又称为键 key,索引的实现级别是存储引擎

优点:
- 索引可以降低需要扫描的数据量,减少了 IO 次数

- 索引可以帮助服务器避免排序和使用临时表

- 索引可以实现将随机 IO 变成顺序 IO

缺点:

- 占用额外空间,影响数据的插入速度

名称:如果在创建索引的时候,没有指定索引名称,那么索引的名字一般是字段名

#### 索引的分类

1. 稠密索引和稀疏索引: 是否索引了每一项数据

2. B+树索引,hash 索引,R 树索引和 FULLTEXT 索引

3. 聚集索引和非聚集索引:数据是否与索引存储在一起

4. 简单索引和组合索引

5. 主键索引和辅助索引

6. mysql 使用左前缀索引:去前面的字符做索引

7. 覆盖索引:从索引中即可取出要查询的索引,性能高

##### B+树索引
顺序存储,每一个叶子节点到根节点的距离是相同的:左前缀索引,适合查询范围类的数据

可以使用B+Tree索引的查询类型：全键值、键值范围或键前缀查找；

- 全值匹配:精确某个值,"Jinjiao King"；

- 匹配最左前缀:只精确匹配起头部分，"Jin%"

- 匹配列前缀：只匹配一列值开头部分，如：姓以w开头的

- 匹配范围值：

- 精确匹配某一列并范围匹配另一列：

- 只访问索引的查询

不适合使用 B+数索引的场景:

- 如果不从最左列开始,索引无效 (Age,Name)

- 不能跳过索引总的列:(StuID,Name,Age)

- 如果查询中某个列是为范围查询，那么其右侧的列都无法再使用索引优化查询；(StuID,Name)

##### Hash 索引
基于哈希表实现,特别适用于精确匹配索引中的所有列

> 注意：只有Memory存储引擎支持显式hash索引；

适用场景:

- 只支持等值比较查询,包括=, IN(), <=>; 

不合适使用的场景:

- 存储的非为值的顺序，因此，不适用于顺序查询；

- 不支持模糊匹配；

- 不支持范围查询

- 不支持部分索引Kies匹配查找：如A，B列索引，只查询A列索引无效

##### 冗余和重复索引
		冗余索引：（A），（A，B）

##### 重复索引：已经有索引，再次建立索引

### 索引优化策略：

- 独立地使用列：尽量避免其参与运算，独立的列指索引列不能是表达式的一部分，也不能是函数的参数，在where条件中，始终将索引列单独放在比较符号的一侧

- 左前缀索引：构建指定索引字段的左侧的字符数，要通过索引选择性来评估

- 索引选择性：不重复的索引值和数据表的记录总数的比值

- 多列索引：AND操作时更适合使用多列索引，而非为每个列创建单独的索引

- 选择合适的索引列顺序：无排序和分组时，将选择性最高放左侧

#### 索引优化建议
- 只要列中含有NULL值，就最好不要在此例设置索引，复合索引如果有NULL值，此列在使用时也不会使用索引

- 尽量使用短索引，如果可以，应该制定一个前缀长度

- 对于经常在where子句使用的列，最好设置索引

- 对于有多个列where或者order by子句，应该建立复合索引

- 对于like语句，以%或者‘-’开头的不会使用索引，以%结尾会使用索引

- 尽量不要在列上进行运算（函数操作和表达式操作）

- 尽量不要使用not in和<>操作

### SQL语句性能优化

- 查询时，能不要*就不用*，尽量写全字段名

- 大部分情况连接效率远大于子查询

- 多表连接时，尽量小表驱动大表，即小表 join 大表

- 在有大量记录的表分页时使用limit

- 对于经常使用的查询，可以开启缓存

- 多使用explain和profile分析查询语句

- 查看慢查询日志，找出执行时间长的sql语句优化

## 索引的管理

1. 在创建表的时候,直接指定索引

2. 创建或删除索引:alter table tb_name add|drop index(对哪个字段创建索引)
```bash
MariaDB [hellodb]> create table temp_table (id int primary key not null,name varchar(10),index index_name (name));
```
3. 创建索引
方法一
```bash
用法:create index index_name on tb_name(col1,col2...);
MariaDB [(none)]> create index index_classID on hellodb.students(ClassID);
```
方法二
```bash
MariaDB [hellodb]> alter table students add index index_classid (classid);
```

创建唯一索引
```bash
语法一：create unique index 索引名 on 表名 （字段名）
语法二：alter table 表名 add unqiue [index] [索引的名称] （列名）
语法三：创建表的时候添加唯一索引，和创建唯一键是一样的。
```

4. 查看索引
```bash
用法:show indexes from [db_name.]tb_name\G;
MariaDB [(none)]> show indexes from hellodb.students\G;
*************************** 1. row ***************************
        Table: students
   Non_unique: 0
     Key_name: PRIMARY
 Seq_in_index: 1
  Column_name: StuID
    Collation: A
  Cardinality: 25
     Sub_part: NULL
       Packed: NULL
         Null: 
   Index_type: BTREE
      Comment: 
Index_comment: 
*************************** 2. row ***************************
        Table: students
   Non_unique: 1
     Key_name: index_classID
 Seq_in_index: 1
  Column_name: ClassID
    Collation: A
  Cardinality: 25
     Sub_part: NULL
       Packed: NULL
         Null: YES
   Index_type: BTREE
      Comment: 
Index_comment: 
2 rows in set (0.00 sec)
```

5. 删除索引
```bash
用法:drop index index_name on tab_name;
MariaDB [(none)]> drop index index_classid on hellodb.students;
```

6. 分析语句执行的时候是否会调用索引(不去真正的执行)
```bash
用法: explain 要判断的语句
MariaDB [(none)]> explain select stuid from hellodb.students;
+------+-------------+----------+-------+---------------+---------+---------+------+------+-------------+
| id   | select_type | table    | type  | possible_keys | key     | key_len | ref  | rows | Extra       |
+------+-------------+----------+-------+---------------+---------+---------+------+------+-------------+
|    1 | SIMPLE      | students | index | NULL          | PRIMARY | 4       | NULL |   25 | Using index |
+------+-------------+----------+-------+---------------+---------+---------+------+------+-------------+

id : 当前查询语句中,每个 select 语句的编号
	复杂类型的查询有三种:
		简单子查询
		用于 fron 中的子查询
		联合查询:union
		注意：UNION查询的分析结果会出现一外额外匿名临时表；

select_type: 
	简单查询为:simple
	复杂查询：
		SUBQUERY: 简单子查询；
		DERIVED: 用于FROM中的子查询；
		UNION：UNION语句的第一个之后的SELECT语句；
		UNION RESULT: 匿名临时表；

table: select 语句关联到的表

type: 关联类型或访问类型，即MySQL决定的如何去查询表中的行的方式；
	ALL: 全表扫描；
	index：根据索引的次序进行全表扫描；如果在Extra列出现“Using index”表示了使用覆盖索引，而非全表扫描；
	range：有范围限制的根据索引实现范围扫描；扫描位置始于索引中的某一点，结束于另一点；
	ref: 根据索引返回表中匹配某单个值的所有行；
	eq_ref：仅返回一个行，但与需要额外与某个参考值做比较；
	const, system: 直接返回单个行；

possible_keys：查询可能会用到的索引；

key: 查询中使用了的索引；PRIMARY

key_len: 在索引使用的字节数；

ref: 在利用key字段所表示的索引完成查询时所有的列或某常量值；

rows：MySQL估计为找所有的目标行而需要读取的行数；

Extra：额外信息
	Using index：MySQL将会使用覆盖索引，以避免访问表；
	Using where：MySQL服务器将在存储引擎检索后，再进行一次过滤；
	Using temporary：MySQL对结果排序时会使用临时表；
	Using filesort：对结果使用一个外部索引排序；
```

7. 查看索引的使用
```bash
SET GLOBAL userstat=1;
SHOW INDEX_STATISTICS;
```

8. 优化表空间
```bash
OPTIMIZE TABLE tb_name;
```


# 视图
View,是一种虚表,它表示一张表的部分或多张表的综合的结构

视图仅仅是表结构,没有表数据,视图的结构和数据时建立在表的基础上

##### 视图的作用

1. 筛选数据,防止未经许可访问敏感数据

2. 隐藏表结构

3. 降低 SQL 语句的复杂度

#### 视图的语法

1. 创建
```bash
# 用法: create [or replace] view 视图的名称 as select语句;
# 例如:
MariaDB [hellodb]> create view view_student as select stuid,name,age from students where age >=30;
```
> 因为视图是一个表结构，所以创建视图后，会在数据库文件夹中多一个与视图名同名的.frm文件
```bash
[root@localhost ~]# ls /usr/local/mysql/data/hellodb/view_student.frm 
/usr/local/mysql/data/hellodb/view_student.frm
```


2. 查看视图
```bash
查看视图的定义: show create view view_name;

# 显示所有的视图
MariaDB [hellodb]> show table status like 'view_student'\g;
+--------------+--------+---------+------------+------+----------------+-------------+-----------------+--------------+-----------+----------------+-------------+-------------+------------+-----------+----------+----------------+---------+
| Name         | Engine | Version | Row_format | Rows | Avg_row_length | Data_length | Max_data_length | Index_length | Data_free | Auto_increment | Create_time | Update_time | Check_time | Collation | Checksum | Create_options | Comment |
+--------------+--------+---------+------------+------+----------------+-------------+-----------------+--------------+-----------+----------------+-------------+-------------+------------+-----------+----------+----------------+---------+
| view_student | NULL   |    NULL | NULL       | NULL |           NULL |        NULL |            NULL |         NULL |      NULL |           NULL | NULL        | NULL        | NULL       | NULL      |     NULL | NULL           | VIEW    |
+--------------+--------+---------+------------+------+----------------+-------------+-----------------+--------------+-----------+----------------+-------------+-------------+------------+-----------+----------+----------------+---------+

# 查看视图的结构
MariaDB [hellodb]> desc view_student;
+-------+---------------------+------+-----+---------+-------+
| Field | Type                | Null | Key | Default | Extra |
+-------+---------------------+------+-----+---------+-------+
| stuid | int(10) unsigned    | NO   |     | 0       |       |
| name  | varchar(50)         | NO   |     | NULL    |       |
| age   | tinyint(3) unsigned | NO   |     | NULL    |       |
+-------+---------------------+------+-----+---------+-------+
```

3. 删除视图
```bash
用法:drop view [if exists] 视图1,视图2,…
```

4. 使用视图
视图就是一张虚表,视图的用法和表是一样的
```mysql
MariaDB [hellodb]> select * from view_stdent;
ERROR 1146 (42S02): Table 'hellodb.view_stdent' doesn't exist
MariaDB [hellodb]> select * from view_student;
+-------+--------------+-----+
| stuid | name         | age |
+-------+--------------+-----+
|     3 | Xie Yanke    |  53 |
|     4 | Ding Dian    |  32 |
|     6 | Shi Qing     |  46 |
|    13 | Tian Boguang |  33 |
|    25 | Sun Dasheng  | 100 |
+-------+--------------+-----+
5 rows in set (0.00 sec)

MariaDB [hellodb]> update view_student set age=35 where stuid=6;
Query OK, 1 row affected (0.03 sec)
Rows matched: 1  Changed: 1  Warnings: 0

MariaDB [hellodb]> select * from students where stuid=6;
+-------+----------+-----+--------+---------+-----------+
| StuID | Name     | Age | Gender | ClassID | TeacherID |
+-------+----------+-----+--------+---------+-----------+
|     6 | Shi Qing |  35 | M      |       5 |      NULL |
+-------+----------+-----+--------+---------+-----------+
1 row in set (0.00 sec)

```

> 视图中的水实际上存储于"基表"中,因此,其修改操作也会对基表实现,其修改操作受基表的限制


5. 更改视图

```bash
alter view 视图名 as select 语句
```

# 事务
一组原子性的 sql 语句,或者一个独立的工作单元

事务日志:记录事务的日志,实现 undo 或者 redo 等故障恢复的功能

##### 事务的 ACID 特性
A: 原子性,整个事务中的所有操作要么全部成功,要么全部失败后回滚
C:一致性,数据库总是从一盒一致性的状态转换到另一个一致性状态
I:隔离性,一个事务所做的操作在提交之前,是不能被其他事务所见的,隔离有多种隔离级别,实现并发
D:持久性,一旦事务提交,其所做的操作会永久的保存在数据库中

- 事务的生命周期
从事务的开始到事务提交或者回滚结束

##### 启动事务
三种方式

1. begin

2. begin work

3. start transaction

##### 事务结束

1. 提交: commit

2. 回滚:rollback

> 注意:只有事务性存储引擎中的 DML 语句才能支持此类操作,DDL 语言自动 commit,不能 rollback


##### 自动提交

set autocommit={0|1} 默认为1，为0时设为非自动提交
建议：显式请求和提交事务，而不使用自动提交的功能

##### 事务的保存点:savepoint

1. savepoint 回滚点名称: 设置事务保存点

2. rollback to 回滚点名称:回滚到指定的保存点

3. release savepoint 回滚点名称:撤销事务保存点

#### 事务的隔离级别

1. read uncommitted :可读取到未提交的数据,产生脏读
在该隔离级别,所有事务都可以看到其他未提交事务的执行结果,本隔离级别很少用于实际应用

2. read committed：可读到提交的数据，但是单未提交的数据不可读，产生不可重复读，即可读取到多个提交数据，导致每次读取的数据不一致
这是大多数数据库系统的默认隔离级别,但是不是 mysql 默认的,它满足了隔离的简单定义,一个事务只能看到已经提交事务所做的改变,这种隔离级别也支持所谓的不可重复读,因为同一事务的其它实例在该实例处理期间可能会有新的 commit,所以同一个 select 可能返回不同结果

3. repeatable read:可重复读，多次读取的数据都一致，产生幻读，即在读取过程中，即使有其他提交的事务修改了数据，但只能读到提交前为修改的数据，此项为默认配置

确保在同一事务的多个实例在并发读取数据时,会看到同样的结果,不过理论上会产生幻读,幻读,指的就是当用户读取某一范围数据行的时候,另一个事务又在该范围内插入了新的行,当用户再去读取这个范围的时候,会发现闲的幻影行,InnoDB 和 Falcon 存储引擎通过多版本并发控制(MVCC)机制来解决这个问题

4. serializabile:可串行化，为提交的读事务阻塞修改事务，或者提交的修改事务阻塞读事务，导致并发性能差
这个是最高的隔离级别,使之数据不可能互相冲突,从而解决幻读问题,简而言之,它是在每行数据上加共享锁,在这个级别,可能会导致大量超时的现象和锁竞争 

### 修改事务的隔离级别
```bash
[root@localhost ~]# vim /etc/my.cnf
 [mysqld]
# 增加
transaction-isolation=READ-COMMITTED # 隔离级别的名称
```